price_history/low_sales/hsp-HGSS12.csv
start_date,end_date,price,quantity_sold
2023-12-05,2023-12-11,14.45,0
2023-12-12,2023-12-18,14.29,0
2023-12-19,2023-12-25,14.29,0
2023-12-26,2024-01-01,14.29,0
2024-01-02,2024-01-08,14.29,0
2024-01-09,2024-01-15,14.29,0
2024-01-16,2024-01-22,14.29,0
2024-01-23,2024-01-29,14.45,0
2024-01-30,2024-02-05,14.45,0
2024-02-06,2024-02-12,14.45,0
2024-02-13,2024-02-19,13.95,0
2024-02-20,2024-02-26,13.95,0
2024-02-27,2024-03-04,13.95,0
2024-03-05,2024-03-11,13.95,0
2024-03-12,2024-03-18,13.95,0
2024-03-19,2024-03-25,13.95,0
2024-03-26,2024-04-01,13.95,0
2024-04-02,2024-04-08,13.95,0
2024-04-09,2024-04-15,13.95,0
2024-04-16,2024-04-22,13.95,0
2024-04-23,2024-04-29,13.95,0
2024-04-30,2024-05-06,13.95,0
2024-05-07,2024-05-13,13.95,0
2024-05-14,2024-05-20,13.95,0
2024-05-21,2024-05-27,13.95,0
2024-05-28,2024-06-03,13.95,0
2024-06-04,2024-06-10,13.95,0
2024-06-11,2024-06-17,13.95,0
2024-06-18,2024-06-24,13.95,0
2024-06-25,2024-07-01,13.95,0
2024-07-02,2024-07-08,13.95,0
2024-07-09,2024-07-15,13.95,0
2024-07-16,2024-07-22,13.95,0
2024-07-23,2024-07-29,13.95,0
2024-07-30,2024-08-05,13.95,0
2024-08-06,2024-08-12,13.95,0
2024-08-13,2024-08-19,13.95,0
2024-08-20,2024-08-26,13.95,0
2024-08-27,2024-09-02,13.95,0
2024-09-03,2024-09-09,13.95,0
2024-09-10,2024-09-16,13.95,0
2024-09-17,2024-09-23,13.95,0
2024-09-24,2024-09-30,13.95,0
2024-10-01,2024-10-07,13.95,0
2024-10-08,2024-10-14,13.95,0
2024-10-15,2024-10-21,13.95,0
2024-10-22,2024-10-28,13.95,0
2024-10-29,2024-11-04,13.95,0
2024-11-05,2024-11-11,13.95,0
2024-11-12,2024-11-18,13.95,0
2024-11-19,2024-11-25,7.22,1
2024-11-26,2024-12-02,7.22,0
